[tb.lva-online.vip/index1.html]
[backblue.gif]
[fade.gif]
[index.html]
[tb.lva-online.vip/css/bootstrap.css]
[tb.lva-online.vip/css/custom.css]
[tb.lva-online.vip/bac1/tb1.html]
[tb.lva-online.vip/bac2/tb1.html]
[tb.lva-online.vip/bac3/tb1.html]
[tb.lva-online.vip/bac5/tb1.html]
[tb.lva-online.vip/bac6/tb1.html]
[tb.lva-online.vip/bac7/tb1.html]
[tb.lva-online.vip/bac8/tb1.html]
[tb.lva-online.vip/bac9/tb1.html]
[tb.lva-online.vip/assets/img/logo.png]
[tb.lva-online.vip/index1.html]
[tb.lva-online.vip/css/bootstrap.css]
[tb.lva-online.vip/font/fontawesome-webfont.eot]
[tb.lva-online.vip/font/fontawesome-webfont.woff2]
[tb.lva-online.vip/js/bootstrap.min.js]
[tb.lva-online.vip/font/fontawesome-webfont.woff]
[tb.lva-online.vip/js/jquery-1.12.1.min.js]
[tb.lva-online.vip/font/fontawesome-webfontd41d.eot]
[tb.lva-online.vip/font/fontawesome-webfont.ttf]
[tb.lva-online.vip/css/font-awesome.css]
[tb.lva-online.vip/css/custom.css]
[tb.lva-online.vip/index.html]
[cdn.jsdelivr.net/npm/uikit@3.2.2/dist/css/uikit.min.css]
[tb.lva-online.vip/bac1/css/grid.css]
[cdn.jsdelivr.net/npm/uikit@3.2.2/dist/js/uikit-icons.min.js]
[cdn.jsdelivr.net/npm/uikit@3.2.2/dist/js/uikit.min.js]
[tb.lva-online.vip/bac1/js/jsmpeg.min.js]
[code.jquery.com/jquery-3.6.0.min.js]
[tb.lva-online.vip/bac1/js/grid.js]
[tb.lva-online.vip/bac1/tb1.html]
[tb.lva-online.vip/bac2/css/grid.css]
[tb.lva-online.vip/bac2/js/grid.js]
[tb.lva-online.vip/bac2/tb1.html]
[tb.lva-online.vip/bac3/css/grid.css]
[tb.lva-online.vip/bac3/js/grid.js]
[tb.lva-online.vip/bac2/js/jsmpeg.min.js]
[tb.lva-online.vip/bac3/tb1.html]
[tb.lva-online.vip/bac5/css/grid.css]
[tb.lva-online.vip/bac3/js/jsmpeg.min.js]
[tb.lva-online.vip/bac5/js/grid.js]
[tb.lva-online.vip/bac5/js/jsmpeg.min.js]
[tb.lva-online.vip/bac5/tb1.html]
[tb.lva-online.vip/bac6/css/grid.css]
[tb.lva-online.vip/bac6/js/jsmpeg.min.js]
[tb.lva-online.vip/bac6/js/grid.js]
[tb.lva-online.vip/bac6/tb1.html]
[tb.lva-online.vip/bac7/css/grid.css]
[tb.lva-online.vip/bac7/js/grid.js]
[tb.lva-online.vip/bac7/js/jsmpeg.min.js]
[tb.lva-online.vip/bac7/tb1.html]
[tb.lva-online.vip/bac8/css/grid.css]
[tb.lva-online.vip/bac8/js/grid.js]
[tb.lva-online.vip/bac8/js/jsmpeg.min.js]
[tb.lva-online.vip/bac8/tb1.html]
[tb.lva-online.vip/bac9/css/grid.css]
[tb.lva-online.vip/bac9/js/jsmpeg.min.js]
[tb.lva-online.vip/bac9/js/grid.js]
[tb.lva-online.vip/bac9/tb1.html]
[tb.lva-online.vip/assets/css/style.css]
[tb.lva-online.vip/assets/js/script.html]
[cdn.jsdelivr.net/npm/uikit@3.2.2/dist/css/uikit.min.css]
[tb.lva-online.vip/bac1/css/grid.css]
[tb.lva-online.vip/bac1/img/icon/red/b.svg]
[tb.lva-online.vip/bac1/img/icon/blue/p.svg]
[tb.lva-online.vip/bac1/img/icon/dayanzai_${tanlu[0][0]}.html]
[tb.lva-online.vip/bac1/img/icon/xiaolu_${tanlu[0][1]}.html]
[tb.lva-online.vip/bac1/img/icon/xiaoqiang_${tanlu[0][2]}.html]
[tb.lva-online.vip/bac1/img/icon/dayanzai_${tanlu[1][0]}.html]
[tb.lva-online.vip/bac1/img/icon/xiaolu_${tanlu[1][1]}.html]
[tb.lva-online.vip/bac1/img/icon/xiaoqiang_${tanlu[1][2]}.html]
[tb.lva-online.vip/bac2/css/grid.css]
[tb.lva-online.vip/bac2/img/icon/red/b.svg]
[tb.lva-online.vip/bac2/img/icon/blue/p.svg]
[tb.lva-online.vip/bac2/img/icon/dayanzai_${tanlu[0][0]}.html]
[tb.lva-online.vip/bac2/img/icon/xiaolu_${tanlu[0][1]}.html]
[tb.lva-online.vip/bac2/img/icon/xiaoqiang_${tanlu[0][2]}.html]
[tb.lva-online.vip/bac2/img/icon/dayanzai_${tanlu[1][0]}.html]
[tb.lva-online.vip/bac2/img/icon/xiaolu_${tanlu[1][1]}.html]
[tb.lva-online.vip/bac2/img/icon/xiaoqiang_${tanlu[1][2]}.html]
[tb.lva-online.vip/bac3/css/grid.css]
[tb.lva-online.vip/bac3/img/icon/red/b.svg]
[tb.lva-online.vip/bac3/img/icon/blue/p.svg]
[tb.lva-online.vip/bac3/img/icon/dayanzai_${tanlu[0][0]}.html]
[tb.lva-online.vip/bac3/img/icon/xiaolu_${tanlu[0][1]}.html]
[tb.lva-online.vip/bac3/img/icon/xiaoqiang_${tanlu[0][2]}.html]
[tb.lva-online.vip/bac3/img/icon/dayanzai_${tanlu[1][0]}.html]
[tb.lva-online.vip/bac3/img/icon/xiaolu_${tanlu[1][1]}.html]
[tb.lva-online.vip/bac3/img/icon/xiaoqiang_${tanlu[1][2]}.html]
[tb.lva-online.vip/bac5/css/grid.css]
[tb.lva-online.vip/bac5/img/icon/red/b.svg]
[tb.lva-online.vip/bac5/img/icon/blue/p.svg]
[tb.lva-online.vip/bac5/img/icon/dayanzai_${tanlu[0][0]}.html]
[tb.lva-online.vip/bac5/img/icon/xiaolu_${tanlu[0][1]}.html]
[tb.lva-online.vip/bac5/img/icon/xiaoqiang_${tanlu[0][2]}.html]
[tb.lva-online.vip/bac5/img/icon/dayanzai_${tanlu[1][0]}.html]
[tb.lva-online.vip/bac5/img/icon/xiaolu_${tanlu[1][1]}.html]
[tb.lva-online.vip/bac5/img/icon/xiaoqiang_${tanlu[1][2]}.html]
[tb.lva-online.vip/bac6/css/grid.css]
[tb.lva-online.vip/bac6/img/icon/red/b.svg]
[tb.lva-online.vip/bac6/img/icon/blue/p.svg]
[tb.lva-online.vip/bac6/img/icon/dayanzai_${tanlu[0][0]}.html]
[tb.lva-online.vip/bac6/img/icon/xiaolu_${tanlu[0][1]}.html]
[tb.lva-online.vip/bac6/img/icon/xiaoqiang_${tanlu[0][2]}.html]
[tb.lva-online.vip/bac6/img/icon/dayanzai_${tanlu[1][0]}.html]
[tb.lva-online.vip/bac6/img/icon/xiaolu_${tanlu[1][1]}.html]
[tb.lva-online.vip/bac6/img/icon/xiaoqiang_${tanlu[1][2]}.html]
[tb.lva-online.vip/bac7/css/grid.css]
[tb.lva-online.vip/bac7/img/icon/red/b.svg]
[tb.lva-online.vip/bac7/img/icon/blue/p.svg]
[tb.lva-online.vip/bac7/img/icon/dayanzai_${tanlu[0][0]}.html]
[tb.lva-online.vip/bac7/img/icon/xiaolu_${tanlu[0][1]}.html]
[tb.lva-online.vip/bac7/img/icon/xiaoqiang_${tanlu[0][2]}.html]
[tb.lva-online.vip/bac7/img/icon/dayanzai_${tanlu[1][0]}.html]
[tb.lva-online.vip/bac7/img/icon/xiaolu_${tanlu[1][1]}.html]
[tb.lva-online.vip/bac7/img/icon/xiaoqiang_${tanlu[1][2]}.html]
[tb.lva-online.vip/bac8/css/grid.css]
[tb.lva-online.vip/bac8/img/icon/red/b.svg]
[tb.lva-online.vip/bac8/img/icon/blue/p.svg]
[tb.lva-online.vip/bac8/img/icon/dayanzai_${tanlu[0][0]}.html]
[tb.lva-online.vip/bac8/img/icon/xiaolu_${tanlu[0][1]}.html]
[tb.lva-online.vip/bac8/img/icon/xiaoqiang_${tanlu[0][2]}.html]
[tb.lva-online.vip/bac8/img/icon/dayanzai_${tanlu[1][0]}.html]
[tb.lva-online.vip/bac8/img/icon/xiaolu_${tanlu[1][1]}.html]
[tb.lva-online.vip/bac8/img/icon/xiaoqiang_${tanlu[1][2]}.html]
[tb.lva-online.vip/bac9/css/grid.css]
[tb.lva-online.vip/bac9/img/icon/red/b.svg]
[tb.lva-online.vip/bac9/img/icon/blue/p.svg]
[tb.lva-online.vip/bac9/img/icon/dayanzai_${tanlu[0][0]}.html]
[tb.lva-online.vip/bac9/img/icon/xiaolu_${tanlu[0][1]}.html]
[tb.lva-online.vip/bac9/img/icon/xiaoqiang_${tanlu[0][2]}.html]
[tb.lva-online.vip/bac9/img/icon/dayanzai_${tanlu[1][0]}.html]
[tb.lva-online.vip/bac9/img/icon/xiaolu_${tanlu[1][1]}.html]
[tb.lva-online.vip/bac9/img/icon/xiaoqiang_${tanlu[1][2]}.html]
